// Jest Snapshot v1, https://goo.gl/fbAQLP

exports[`<ComingSoonPaper /> Should render and match the snapshot 1`] = `
<div
  class="MuiPaper-root makeStyles-paper-5 MuiPaper-elevation1 MuiPaper-rounded"
>
  <div
    class="MuiGrid-root MuiGrid-container MuiGrid-spacing-xs-2"
  >
    <div
      class="MuiGrid-root MuiGrid-item MuiGrid-grid-sm-3"
    />
    <div
      class="MuiGrid-root MuiGrid-item MuiGrid-grid-sm-6"
    >
      <div
        class="makeStyles-text-6"
      >
        Coming soon!
      </div>
    </div>
    <div
      class="MuiGrid-root MuiGrid-item MuiGrid-grid-sm-3"
    />
  </div>
</div>
`;
